// Jest Snapshot v1, https://goo.gl/fbAQLP

exports[`Row component matches snapshot with additional props 1`] = `
<body>
  .c0 {
  display: -webkit-box;
  display: -webkit-flex;
  display: -ms-flexbox;
  display: flex;
  -webkit-box-pack: center;
  -webkit-justify-content: center;
  -ms-flex-pack: center;
  justify-content: center;
  margin-bottom: 100px;
  margin-left: 0px;
  margin-right: 0px;
  margin-top: 8px;
  padding-bottom: 0px;
  padding-left: 0px;
  padding-right: 0px;
  padding-top: 20px;
}

<div>
    <div
      class="c0"
    >
      children
    </div>
  </div>
</body>
`;

exports[`Row component matches snapshot with only required props 1`] = `
.c0 {
  display: -webkit-box;
  display: -webkit-flex;
  display: -ms-flexbox;
  display: flex;
  -webkit-box-pack: start;
  -webkit-justify-content: flex-start;
  -ms-flex-pack: start;
  justify-content: flex-start;
  margin-bottom: 8px;
  margin-left: 0px;
  margin-right: 0px;
  margin-top: 8px;
  padding-bottom: 0px;
  padding-left: 0px;
  padding-right: 0px;
  padding-top: 0px;
}

<body>
  <div>
    <div
      class="c0"
    />
  </div>
</body>
`;
