// Jest Snapshot v1, https://goo.gl/fbAQLP

exports[`PhoneInput component Should render and matche snapshot 1`] = `
.c0 {
  display: -webkit-box;
  display: -webkit-flex;
  display: -ms-flexbox;
  display: flex;
  -webkit-flex-direction: column;
  -ms-flex-direction: column;
  flex-direction: column;
}

.c1 {
  -webkit-tap-highlight-color: transparent;
  background: none;
  border-radius: 2px;
  border-style: solid;
  border-width: 0px;
  border-bottom-width: 1px;
  font-size: 16px;
  margin: 0;
  outline: none;
  text-align: left;
}

.c1:hover,
.c1:focus {
  box-shadow: 0 1px 0;
}

<body>
  <div>
    <div
      class="c0"
    >
      <input
        class="c1"
        color="primary"
        placeholder="(29) 123-12-13"
        type="text"
        value=""
      />
    </div>
  </div>
</body>
`;
