// Jest Snapshot v1, https://goo.gl/fbAQLP

exports[`pages/signIn should render and match snapshot 1`] = `
<body>
  <div>
    <div>
      <form>
        <input
          type="text"
        />
        <br />
        <input
          type="password"
        />
        <br />
        <button
          type="submit"
        >
          Войти в ИТ
        </button>
      </form>
    </div>
  </div>
</body>
`;
