// Jest Snapshot v1, https://goo.gl/fbAQLP

exports[`<LoginForm /> should render and match snapshot 1`] = `
<body>
  <div>
    <form
      class="sc-AxjAm jWlVxK"
      data-testid="loginForm"
    >
      <input
        class="sc-AxirZ gQaiPr"
        placeholder="Капитан"
        type="text"
        value=""
      />
      <br />
      <input
        class="sc-AxirZ dsuoSr"
        placeholder="Пароль"
        type="password"
        value=""
      />
      <br />
      <button
        class="sc-AxiKw fFlbgl"
        name="submit"
        type="submit"
      >
        Войти в ИТ
      </button>
    </form>
  </div>
</body>
`;
