// Jest Snapshot v1, https://goo.gl/fbAQLP

exports[`<Avatar /> should render and match snapshot 1`] = `
<body>
  <div>
    <div
      class="sc-AxjAm jfEBQj"
    >
      <img
        alt="Avatar"
        class="sc-AxirZ hmcxZZ"
        src="captain_rang.svg"
      />
      <div
        class="sc-AxiKw ffVKvN"
      >
        <span>
          test position
        </span>
        test
      </div>
    </div>
  </div>
</body>
`;
